{"timestamp": "2026-03-25T18:14:56.519165", "event_type": "user_input", "actor": "user", "details": {"text": "Open the browser"}, "prev_hash": "GENESIS", "hash": "0b63a74708453357bcaedc14662bd6eb51193119607b5d85c0cecbb6dcac82ef"}
{"timestamp": "2026-03-25T18:18:22.506801", "event_type": "user_input", "actor": "user", "details": {"text": "Open the browser"}, "prev_hash": "0b63a74708453357bcaedc14662bd6eb51193119607b5d85c0cecbb6dcac82ef", "hash": "d0c556a79be903d72a372e0d39696e921e234821fe0dc81edc8a3116431ce7df"}
{"timestamp": "2026-03-25T18:20:20.841377", "event_type": "user_input", "actor": "user", "details": {"text": "Open the browser"}, "prev_hash": "d0c556a79be903d72a372e0d39696e921e234821fe0dc81edc8a3116431ce7df", "hash": "f14a1645e4f0bf668c48b64063447df538be1b8b0ae6dc96dc88d03fd90b6004"}
{"timestamp": "2026-03-25T18:39:41.476092", "event_type": "user_input", "actor": "user", "details": {"text": "Open the browser"}, "prev_hash": "f14a1645e4f0bf668c48b64063447df538be1b8b0ae6dc96dc88d03fd90b6004", "hash": "6762981da52d208494b3a4c39e7c1fbc9658145e54931399a4af882592056a29"}
{"timestamp": "2026-03-25T18:51:48.309973", "event_type": "user_input", "actor": "user", "details": {"text": "Open the browser"}, "prev_hash": "6762981da52d208494b3a4c39e7c1fbc9658145e54931399a4af882592056a29", "hash": "da7778a662f082d4fbf87bd351e6c54b598a860b5b81d05b8d447591f32d3660"}
{"timestamp": "2026-03-25T18:53:47.619880", "event_type": "user_input", "actor": "user", "details": {"text": "Open the browser"}, "prev_hash": "da7778a662f082d4fbf87bd351e6c54b598a860b5b81d05b8d447591f32d3660", "hash": "598a195a71cecb7ab93f3a0f0e08210cf795bdedfe6d9b7d8be8c953860c0542"}
{"timestamp": "2026-03-25T19:21:06.473764", "event_type": "user_input", "actor": "user", "details": {"text": "Open the browser"}, "prev_hash": "598a195a71cecb7ab93f3a0f0e08210cf795bdedfe6d9b7d8be8c953860c0542", "hash": "bf29ba1555b1d0a31029708a6a4a41b5e227e7bf5aea141672d0edb5419b280c"}
{"timestamp": "2026-03-26T04:22:30.169577", "event_type": "user_input", "actor": "user", "details": {"text": "Open the browser"}, "prev_hash": "bf29ba1555b1d0a31029708a6a4a41b5e227e7bf5aea141672d0edb5419b280c", "hash": "22914bf7ba2f28bb8a88c9f224c94fd8558ddfc8048183669e5b95bb8110d778"}
{"timestamp": "2026-03-26T04:22:50.126141", "event_type": "user_input", "actor": "user", "details": {"text": "Open the browser"}, "prev_hash": "22914bf7ba2f28bb8a88c9f224c94fd8558ddfc8048183669e5b95bb8110d778", "hash": "a9f8285e711195d17998246743c5bda9585d10b49d5b394fa6c3ecd9a0f51e03"}
{"timestamp": "2026-03-26T10:24:10.499197", "event_type": "user_input", "actor": "user", "details": {"text": "Open the browser"}, "prev_hash": "a9f8285e711195d17998246743c5bda9585d10b49d5b394fa6c3ecd9a0f51e03", "hash": "711b3e9f94453859743f257cceca745996444448c093288ca00c5bf68ae7c22d"}
{"timestamp": "2026-03-27T10:25:06.764053", "event_type": "user_input", "actor": "user", "details": {"text": "open browser"}, "prev_hash": "711b3e9f94453859743f257cceca745996444448c093288ca00c5bf68ae7c22d", "hash": "3580c7db834dc9f0110cdb18fe023e3451fb8aa50ab0e5230213790345a5058b"}
{"timestamp": "2026-03-27T10:31:20.891781", "event_type": "user_input", "actor": "user", "details": {"text": "open browser"}, "prev_hash": "3580c7db834dc9f0110cdb18fe023e3451fb8aa50ab0e5230213790345a5058b", "hash": "84fa2c4959b21cbb4e9c21c2be249ff8cbab7bda85d42e38defa4e8fc5e3dec2"}
{"timestamp": "2026-03-27T10:31:38.021195", "event_type": "user_input", "actor": "user", "details": {"text": "open browser"}, "prev_hash": "84fa2c4959b21cbb4e9c21c2be249ff8cbab7bda85d42e38defa4e8fc5e3dec2", "hash": "ccbbc5e25a2aa4b6369ed5ab6556eb4505733534f0da1974dcd7d2e71b09af7a"}
{"timestamp": "2026-03-27T10:36:23.172901", "event_type": "user_input", "actor": "user", "details": {"text": "open browser"}, "prev_hash": "ccbbc5e25a2aa4b6369ed5ab6556eb4505733534f0da1974dcd7d2e71b09af7a", "hash": "7416ab6fff861b5488912d67a596d35314691f55e8694a41c380717de0153578"}
{"timestamp": "2026-03-27T10:48:59.516366", "event_type": "user_input", "actor": "user", "details": {"text": "open browser"}, "prev_hash": "7416ab6fff861b5488912d67a596d35314691f55e8694a41c380717de0153578", "hash": "ce1c8ab00f9a4341cc89a18f95295940fe2f7c120cddf9962652fb48960e6fd1"}
{"timestamp": "2026-03-27T11:00:36.094149", "event_type": "user_input", "actor": "user", "details": {"text": "open browser"}, "prev_hash": "ce1c8ab00f9a4341cc89a18f95295940fe2f7c120cddf9962652fb48960e6fd1", "hash": "b5d3fbc090166b8ddaa72ba6b5f53d135f64a64bb848702cf58704edb76f66c5"}
{"timestamp": "2026-03-27T11:08:58.279002", "event_type": "user_input", "actor": "user", "details": {"text": "open browser"}, "prev_hash": "b5d3fbc090166b8ddaa72ba6b5f53d135f64a64bb848702cf58704edb76f66c5", "hash": "58ddc3fc9c71e3a3f77300b52e4802166eca37a5691e45bbf752c40c46578f51"}
{"timestamp": "2026-03-27T11:08:58.311296", "event_type": "action_planned", "actor": "user", "details": {"confirmation_id": "1774609738311296900"}, "prev_hash": "58ddc3fc9c71e3a3f77300b52e4802166eca37a5691e45bbf752c40c46578f51", "hash": "f0cde2cba75967d71e6c285f3f226e2fdf7d6f633e0f7fd4b253e2fe2542d459"}
{"timestamp": "2026-03-27T11:23:41.301746", "event_type": "user_input", "actor": "user", "details": {"text": "Hi there"}, "prev_hash": "f0cde2cba75967d71e6c285f3f226e2fdf7d6f633e0f7fd4b253e2fe2542d459", "hash": "35527e2ccf37e1b993b832ab75e021d07e9b7cb3d96278de06369f9d6fd9924b"}
{"timestamp": "2026-03-27T11:23:41.332662", "event_type": "action_planned", "actor": "user", "details": {"confirmation_id": "1774610621332662100"}, "prev_hash": "35527e2ccf37e1b993b832ab75e021d07e9b7cb3d96278de06369f9d6fd9924b", "hash": "8d764c9db7ef6c3dd813da1676b505f7a210b26f8a923bd6420e21fea647a97e"}
{"timestamp": "2026-03-27T11:41:59.486463", "event_type": "user_input", "actor": "user", "details": {"text": "open chrome"}, "prev_hash": "8d764c9db7ef6c3dd813da1676b505f7a210b26f8a923bd6420e21fea647a97e", "hash": "be936c07f5e67e6ade6dbe4f1382d1eee7206ff775ca34cf1573fedd1459c2d4"}
{"timestamp": "2026-03-27T11:41:59.508404", "event_type": "action_planned", "actor": "user", "details": {"confirmation_id": "1774611719508404000"}, "prev_hash": "be936c07f5e67e6ade6dbe4f1382d1eee7206ff775ca34cf1573fedd1459c2d4", "hash": "8782a523137a7f6b3bb291ac9e951735455e827fc6d2966a34c7b9e772566540"}
{"timestamp": "2026-03-27T11:42:10.124492", "event_type": "user_input", "actor": "user", "details": {"text": "open notepad"}, "prev_hash": "8782a523137a7f6b3bb291ac9e951735455e827fc6d2966a34c7b9e772566540", "hash": "adb5d3c674ce2ff2e387e912c41878a2c3248da35cbdbaabc8249f30513db0e8"}
{"timestamp": "2026-03-27T11:42:10.155409", "event_type": "action_planned", "actor": "user", "details": {"confirmation_id": "1774611730155409700"}, "prev_hash": "adb5d3c674ce2ff2e387e912c41878a2c3248da35cbdbaabc8249f30513db0e8", "hash": "79d99f28e2d6adc8543fccfda1260a0ae5f680db35df147cb6ddf8adc710e021"}
{"timestamp": "2026-03-27T11:42:21.100332", "event_type": "user_input", "actor": "user", "details": {"text": "open browser"}, "prev_hash": "79d99f28e2d6adc8543fccfda1260a0ae5f680db35df147cb6ddf8adc710e021", "hash": "ae9cb4e3b38880629e31cebd5b606eb2bc16af6063288e18c9d566d890716f4e"}
{"timestamp": "2026-03-27T11:42:21.128257", "event_type": "action_planned", "actor": "user", "details": {"confirmation_id": "1774611741128257300"}, "prev_hash": "ae9cb4e3b38880629e31cebd5b606eb2bc16af6063288e18c9d566d890716f4e", "hash": "84eb8be1df74cb631976d137b1e5a80a139b7e44840206dba29b557ab65c05e7"}
{"timestamp": "2026-03-27T11:51:44.738625", "event_type": "user_input", "actor": "user", "details": {"text": "Hi there"}, "prev_hash": "84eb8be1df74cb631976d137b1e5a80a139b7e44840206dba29b557ab65c05e7", "hash": "cd2830bd7f355bb891866f7e99c9bcafdffecb6a18176e289d78bd87f5a1f907"}
{"timestamp": "2026-03-27T11:51:44.767547", "event_type": "action_planned", "actor": "user", "details": {"confirmation_id": "1774612304767547800"}, "prev_hash": "cd2830bd7f355bb891866f7e99c9bcafdffecb6a18176e289d78bd87f5a1f907", "hash": "5a89d1dd5150484b9588b6dc33e63fc97823dae03b78092fd64f2dfcabd9c423"}
{"timestamp": "2026-03-27T12:04:55.106887", "event_type": "user_input", "actor": "user", "details": {"text": "Hi there"}, "prev_hash": "5a89d1dd5150484b9588b6dc33e63fc97823dae03b78092fd64f2dfcabd9c423", "hash": "82fbc829e3514ccf6c79cf7642ec68fcb594811c4588b936f01e44a7f3cb5eb5"}
{"timestamp": "2026-03-27T12:04:55.140797", "event_type": "action_planned", "actor": "user", "details": {"confirmation_id": "1774613095140797000"}, "prev_hash": "82fbc829e3514ccf6c79cf7642ec68fcb594811c4588b936f01e44a7f3cb5eb5", "hash": "08b98520817a403de2e7fa1dd91abe939b84b9fe590e88470347b547edea08be"}
{"timestamp": "2026-03-27T12:05:30.166607", "event_type": "user_input", "actor": "user", "details": {"text": "open browser"}, "prev_hash": "08b98520817a403de2e7fa1dd91abe939b84b9fe590e88470347b547edea08be", "hash": "162b89457bb7aef9ded5236dbe6fffc95cedae9c6de4f90495434d99baf51c67"}
{"timestamp": "2026-03-27T12:05:30.199518", "event_type": "action_planned", "actor": "user", "details": {"confirmation_id": "1774613130199518500"}, "prev_hash": "162b89457bb7aef9ded5236dbe6fffc95cedae9c6de4f90495434d99baf51c67", "hash": "d135517c276436b3cf905a4fddf28d0e62b54c68c1cd2b0596430a006a314fe9"}
